// Jest Snapshot v1, https://goo.gl/fbAQLP

exports[`SubscribeBtn should render correctly 1`] = `
<button
  className="subscribeBtn"
  onClick={[Function]}
>
  Subscribe
</button>
`;
