// Jest Snapshot v1, https://goo.gl/fbAQLP

exports[`ProfileDataHeader should render correctly 1`] = `
<div
  id="profileDataHeader"
/>
`;
