// Jest Snapshot v1, https://goo.gl/fbAQLP

exports[`ProfileHeader should render correctly 1`] = `
<div
  id="profileHeader"
/>
`;
