// Jest Snapshot v1, https://goo.gl/fbAQLP

exports[`ViewUserPageBtn should render correctly 1`] = `
<button
  className="viewUserPageBtn"
  onClick={[Function]}
>
  View
</button>
`;
