// Jest Snapshot v1, https://goo.gl/fbAQLP

exports[`UnsubscribeBtn should render correctly 1`] = `
<button
  className="unsubscribeBtn"
  onClick={[Function]}
>
  Unsub
</button>
`;
