// Jest Snapshot v1, https://goo.gl/fbAQLP

exports[`Vertical separator should render correctly 1`] = `
<div
  className="headerVertSeparator"
  id="headerSeparator"
/>
`;
