// Jest Snapshot v1, https://goo.gl/fbAQLP

exports[`DeleteSubBtn should render correctly 1`] = `
<button
  className="deleteSubBtn"
  onClick={[Function]}
>
  Delete
</button>
`;
