// Jest Snapshot v1, https://goo.gl/fbAQLP

exports[`Profile data item should render correctly 1`] = `
<div
  className="profileDataItem"
  onClick={[Function]}
>
  <img
    alt=""
    className="profileDataItemImg"
  />
</div>
`;
