// Jest Snapshot v1, https://goo.gl/fbAQLP

exports[`Inspiring words should render correctly 1`] = `null`;
